[    2544ms] [INFO] %cDownload the React DevTools for a better development experience: https://react.dev/link/react-devtools font-weight:bold @ http://localhost:3000/_next/static/chunks/0ccw_next_dist_12ly78w._.js:2431
[    4112ms] [LOG] [HMR] connected @ http://localhost:3000/_next/static/chunks/0ccw_next_dist_12ly78w._.js:2431
[    7879ms] [LOG] [Fast Refresh] rebuilding @ http://localhost:3000/_next/static/chunks/0ccw_next_dist_12ly78w._.js:2431
[    7897ms] [ERROR] Can't perform a React state update on a component that hasn't mounted yet. This indicates that you have a side-effect in your render function that asynchronously tries to update the component. Move this work to useEffect instead. @ http://localhost:3000/_next/static/chunks/0ccw_next_dist_12ly78w._.js:3272
[    8409ms] [LOG] [Fast Refresh] done in 1165ms @ http://localhost:3000/_next/static/chunks/0ccw_next_dist_12ly78w._.js:2431
[   15934ms] Error: Hydration failed because the server rendered text didn't match the client. As a result this tree will be regenerated on the client. This can happen if a SSR-ed Client Component used:

- A server/client branch `if (typeof window !== 'undefined')`.
- Variable input such as `Date.now()` or `Math.random()` which changes each time it's called.
- Date formatting in a user's locale which doesn't match the server.
- External changing data without sending a snapshot of it along with the HTML.
- Invalid HTML tag nesting.

It can also happen if the client has a browser extension installed which messes with the HTML before React loaded.

https://react.dev/link/hydration-mismatch

  ...
    <RedirectErrorBoundary router={{...}}>
      <InnerLayoutRouter url="/" tree={[...]} params={{}} cacheNode={{rsc:Promise, ...}} segmentPath={[...]} ...>
        <SegmentViewNode type="page" pagePath="page.tsx">
          <SegmentTrieNode>
          <Home>
            <TopBar>
            <Marquee>
            <Hero>
            <div className="page-wrap">
              <div>
              <div className="col-right">
                <Projects>
                  <div className="panel" id="projects">
                    <div>
                    <ProjectList>
                      <ProjectRow>
                      <ProjectRow>
                      <ProjectRow>
                      <ProjectRow>
                      <ProjectRow project={{name:"Motion", ...}} onOpen={function openProject}>
                        <div className="project-it..." role="button" tabIndex={0} aria-haspopup="dialog" ...>
                          <div className="project-it...">
                            <div className="project-it...">
                              <div>
                              <div className="project-desc">
+                               .... Built @ Stanford × DeepMind Hackathon.
-                               .... Built at Stanford × DeepMind Hackathon.
                              ...
                            ...
                      ...
                      ...
                ...
            ...
        ...
      ...

    at throwOnHydrationMismatch (http://localhost:3000/_next/static/chunks/0ccw_next_dist_compiled_react-dom_0_4a3by._.js:3318:56)
    at prepareToHydrateHostInstance (http://localhost:3000/_next/static/chunks/0ccw_next_dist_compiled_react-dom_0_4a3by._.js:3372:23)
    at completeWork (http://localhost:3000/_next/static/chunks/0ccw_next_dist_compiled_react-dom_0_4a3by._.js:6922:60)
    at runWithFiberInDEV (http://localhost:3000/_next/static/chunks/0ccw_next_dist_compiled_react-dom_0_4a3by._.js:965:74)
    at completeUnitOfWork (http://localhost:3000/_next/static/chunks/0ccw_next_dist_compiled_react-dom_0_4a3by._.js:9622:23)
    at performUnitOfWork (http://localhost:3000/_next/static/chunks/0ccw_next_dist_compiled_react-dom_0_4a3by._.js:9557:28)
    at workLoopSync (http://localhost:3000/_next/static/chunks/0ccw_next_dist_compiled_react-dom_0_4a3by._.js:9449:40)
    at renderRootSync (http://localhost:3000/_next/static/chunks/0ccw_next_dist_compiled_react-dom_0_4a3by._.js:9433:13)
    at performWorkOnRoot (http://localhost:3000/_next/static/chunks/0ccw_next_dist_compiled_react-dom_0_4a3by._.js:9061:186)
    at performWorkOnRootViaSchedulerTask (http://localhost:3000/_next/static/chunks/0ccw_next_dist_compiled_react-dom_0_4a3by._.js:10255:9)
    at MessagePort.performWorkUntilDeadline (http://localhost:3000/_next/static/chunks/0ccw_next_dist_compiled_0a2ka0q._.js:2647:64)
[   32237ms] [LOG] [Fast Refresh] rebuilding @ http://localhost:3000/_next/static/chunks/0ccw_next_dist_12ly78w._.js:2431
[   34332ms] [LOG] [Fast Refresh] done in 1782ms @ http://localhost:3000/_next/static/chunks/0ccw_next_dist_12ly78w._.js:2431
[   37803ms] [LOG] [Fast Refresh] rebuilding @ http://localhost:3000/_next/static/chunks/0ccw_next_dist_12ly78w._.js:2431
[   39001ms] [LOG] [Fast Refresh] done in 404ms @ http://localhost:3000/_next/static/chunks/0ccw_next_dist_12ly78w._.js:2431
[   40210ms] [LOG] [Fast Refresh] rebuilding @ http://localhost:3000/_next/static/chunks/0ccw_next_dist_12ly78w._.js:2431
[   40780ms] [LOG] [Fast Refresh] done in 332ms @ http://localhost:3000/_next/static/chunks/0ccw_next_dist_12ly78w._.js:2431
[   52023ms] [LOG] [Fast Refresh] rebuilding @ http://localhost:3000/_next/static/chunks/0ccw_next_dist_12ly78w._.js:2431
[   52694ms] [LOG] [Fast Refresh] done in 517ms @ http://localhost:3000/_next/static/chunks/0ccw_next_dist_12ly78w._.js:2431
[   70286ms] [INFO] %cDownload the React DevTools for a better development experience: https://react.dev/link/react-devtools font-weight:bold @ http://localhost:3000/_next/static/chunks/0ccw_next_dist_12ly78w._.js:2431
[   71000ms] [LOG] [HMR] connected @ http://localhost:3000/_next/static/chunks/0ccw_next_dist_12ly78w._.js:2431
